Archive member included to satisfy reference by file (symbol)

d:/stm32/stm32cubeide_1.7.0/stm32cubeide/plugins/com.st.stm32cube.ide.mcu.externaltools.gnu-tools-for-stm32.9-2020-q2-update.win32_2.0.0.202105311346/tools/bin/../lib/gcc/arm-none-eabi/9.3.1/../../../../arm-none-eabi/lib/thumb/v7-m/nofp\libc_nano.a(lib_a-errno.o)
                              ./Core/Src/syscalls.o (__errno)
d:/stm32/stm32cubeide_1.7.0/stm32cubeide/plugins/com.st.stm32cube.ide.mcu.externaltools.gnu-tools-for-stm32.9-2020-q2-update.win32_2.0.0.202105311346/tools/bin/../lib/gcc/arm-none-eabi/9.3.1/../../../../arm-none-eabi/lib/thumb/v7-m/nofp\libc_nano.a(lib_a-exit.o)
                              d:/stm32/stm32cubeide_1.7.0/stm32cubeide/plugins/com.st.stm32cube.ide.mcu.externaltools.gnu-tools-for-stm32.9-2020-q2-update.win32_2.0.0.202105311346/tools/bin/../lib/gcc/arm-none-eabi/9.3.1/../../../../arm-none-eabi/lib/thumb/v7-m/nofp/crt0.o (exit)
d:/stm32/stm32cubeide_1.7.0/stm32cubeide/plugins/com.st.stm32cube.ide.mcu.externaltools.gnu-tools-for-stm32.9-2020-q2-update.win32_2.0.0.202105311346/tools/bin/../lib/gcc/arm-none-eabi/9.3.1/../../../../arm-none-eabi/lib/thumb/v7-m/nofp\libc_nano.a(lib_a-impure.o)
                              d:/stm32/stm32cubeide_1.7.0/stm32cubeide/plugins/com.st.stm32cube.ide.mcu.externaltools.gnu-tools-for-stm32.9-2020-q2-update.win32_2.0.0.202105311346/tools/bin/../lib/gcc/arm-none-eabi/9.3.1/../../../../arm-none-eabi/lib/thumb/v7-m/nofp\libc_nano.a(lib_a-exit.o) (_global_impure_ptr)
d:/stm32/stm32cubeide_1.7.0/stm32cubeide/plugins/com.st.stm32cube.ide.mcu.externaltools.gnu-tools-for-stm32.9-2020-q2-update.win32_2.0.0.202105311346/tools/bin/../lib/gcc/arm-none-eabi/9.3.1/../../../../arm-none-eabi/lib/thumb/v7-m/nofp\libc_nano.a(lib_a-init.o)
                              d:/stm32/stm32cubeide_1.7.0/stm32cubeide/plugins/com.st.stm32cube.ide.mcu.externaltools.gnu-tools-for-stm32.9-2020-q2-update.win32_2.0.0.202105311346/tools/bin/../lib/gcc/arm-none-eabi/9.3.1/../../../../arm-none-eabi/lib/thumb/v7-m/nofp/crt0.o (__libc_init_array)
d:/stm32/stm32cubeide_1.7.0/stm32cubeide/plugins/com.st.stm32cube.ide.mcu.externaltools.gnu-tools-for-stm32.9-2020-q2-update.win32_2.0.0.202105311346/tools/bin/../lib/gcc/arm-none-eabi/9.3.1/../../../../arm-none-eabi/lib/thumb/v7-m/nofp\libc_nano.a(lib_a-memset.o)
                              d:/stm32/stm32cubeide_1.7.0/stm32cubeide/plugins/com.st.stm32cube.ide.mcu.externaltools.gnu-tools-for-stm32.9-2020-q2-update.win32_2.0.0.202105311346/tools/bin/../lib/gcc/arm-none-eabi/9.3.1/../../../../arm-none-eabi/lib/thumb/v7-m/nofp/crt0.o (memset)

Allocating common symbols
Common symbol       size              file

ledValueData        0x4               ./Core/Src/global.o
yellowTime          0x4               ./Core/Src/global.o
uwTick              0x4               ./Drivers/STM32F1xx_HAL_Driver/Src/stm32f1xx_hal.o
temp                0x4               ./Core/Src/mode_control.o
pFlash              0x20              ./Drivers/STM32F1xx_HAL_Driver/Src/stm32f1xx_hal_flash.o
TimeOutForKeyPress  0xc               ./Core/Src/button.o
button_flag         0xc               ./Core/Src/button.o
ledModeData         0x4               ./Core/Src/global.o
counter             0x4               ./Core/Src/mode_control.o
redTime             0x4               ./Core/Src/global.o
htim2               0x48              ./Core/Src/main.o
greenTime           0x4               ./Core/Src/global.o

Discarded input sections

 .text          0x0000000000000000        0x0 d:/stm32/stm32cubeide_1.7.0/stm32cubeide/plugins/com.st.stm32cube.ide.mcu.externaltools.gnu-tools-for-stm32.9-2020-q2-update.win32_2.0.0.202105311346/tools/bin/../lib/gcc/arm-none-eabi/9.3.1/thumb/v7-m/nofp/crti.o
 .data          0x0000000000000000        0x0 d:/stm32/stm32cubeide_1.7.0/stm32cubeide/plugins/com.st.stm32cube.ide.mcu.externaltools.gnu-tools-for-stm32.9-2020-q2-update.win32_2.0.0.202105311346/tools/bin/../lib/gcc/arm-none-eabi/9.3.1/thumb/v7-m/nofp/crti.o
 .bss           0x0000000000000000        0x0 d:/stm32/stm32cubeide_1.7.0/stm32cubeide/plugins/com.st.stm32cube.ide.mcu.externaltools.gnu-tools-for-stm32.9-2020-q2-update.win32_2.0.0.202105311346/tools/bin/../lib/gcc/arm-none-eabi/9.3.1/thumb/v7-m/nofp/crti.o
 .data          0x0000000000000000        0x4 d:/stm32/stm32cubeide_1.7.0/stm32cubeide/plugins/com.st.stm32cube.ide.mcu.externaltools.gnu-tools-for-stm32.9-2020-q2-update.win32_2.0.0.202105311346/tools/bin/../lib/gcc/arm-none-eabi/9.3.1/thumb/v7-m/nofp/crtbegin.o
 .text          0x0000000000000000       0x7c d:/stm32/stm32cubeide_1.7.0/stm32cubeide/plugins/com.st.stm32cube.ide.mcu.externaltools.gnu-tools-for-stm32.9-2020-q2-update.win32_2.0.0.202105311346/tools/bin/../lib/gcc/arm-none-eabi/9.3.1/../../../../arm-none-eabi/lib/thumb/v7-m/nofp/crt0.o
[...]
Memory Configuration

Name             Origin             Length             Attributes
RAM              0x0000000020000000 0x0000000000002800 xrw
FLASH            0x0000000008000000 0x0000000000008000 xr
*default*        0x0000000000000000 0xffffffffffffffff

Linker script and memory map

LOAD d:/stm32/stm32cubeide_1.7.0/stm32cubeide/plugins/com.st.stm32cube.ide.mcu.externaltools.gnu-tools-for-stm32.9-2020-q2-update.win32_2.0.0.202105311346/tools/bin/../lib/gcc/arm-none-eabi/9.3.1/thumb/v7-m/nofp/crti.o
LOAD d:/stm32/stm32cubeide_1.7.0/stm32cubeide/plugins/com.st.stm32cube.ide.mcu.externaltools.gnu-tools-for-stm32.9-2020-q2-update.win32_2.0.0.202105311346/tools/bin/../lib/gcc/arm-none-eabi/9.3.1/thumb/v7-m/nofp/crtbegin.o
LOAD d:/stm32/stm32cubeide_1.7.0/stm32cubeide/plugins/com.st.stm32cube.ide.mcu.externaltools.gnu-tools-for-stm32.9-2020-q2-update.win32_2.0.0.202105311346/tools/bin/../lib/gcc/arm-none-eabi/9.3.1/../../../../arm-none-eabi/lib/thumb/v7-m/nofp/crt0.o
LOAD ./Core/Src/7seg.o
LOAD ./Core/Src/button.o
LOAD ./Core/Src/global.o
LOAD ./Core/Src/main.o
LOAD ./Core/Src/mode_control.o
LOAD ./Core/Src/normal_mode.o
LOAD ./Core/Src/software_timer.o
LOAD ./Core/Src/stm32f1xx_hal_msp.o
LOAD ./Core/Src/stm32f1xx_it.o
LOAD ./Core/Src/syscalls.o
LOAD ./Core/Src/sysmem.o
LOAD ./Core/Src/system_stm32f1xx.o
LOAD ./Core/Src/traffic_control.o
LOAD ./Core/Startup/startup_stm32f103c6ux.o
LOAD ./Drivers/STM32F1xx_HAL_Driver/Src/stm32f1xx_hal.o
LOAD ./Drivers/STM32F1xx_HAL_Driver/Src/stm32f1xx_hal_cortex.o
LOAD ./Drivers/STM32F1xx_HAL_Driver/Src/stm32f1xx_hal_dma.o
LOAD ./Drivers/STM32F1xx_HAL_Driver/Src/stm32f1xx_hal_exti.o
LOAD ./Drivers/STM32F1xx_HAL_Driver/Src/stm32f1xx_hal_flash.o
LOAD ./Drivers/STM32F1xx_HAL_Driver/Src/stm32f1xx_hal_flash_ex.o
LOAD ./Drivers/STM32F1xx_HAL_Driver/Src/stm32f1xx_hal_gpio.o
LOAD ./Drivers/STM32F1xx_HAL_Driver/Src/stm32f1xx_hal_gpio_ex.o
LOAD ./Drivers/STM32F1xx_HAL_Driver/Src/stm32f1xx_hal_pwr.o
LOAD ./Drivers/STM32F1xx_HAL_Driver/Src/stm32f1xx_hal_rcc.o
LOAD ./Drivers/STM32F1xx_HAL_Driver/Src/stm32f1xx_hal_rcc_ex.o
LOAD ./Drivers/STM32F1xx_HAL_Driver/Src/stm32f1xx_hal_tim.o
LOAD ./Drivers/STM32F1xx_HAL_Driver/Src/stm32f1xx_hal_tim_ex.o
START GROUP
LOAD d:/stm32/stm32cubeide_1.7.0/stm32cubeide/plugins/com.st.stm32cube.ide.mcu.externaltools.gnu-tools-for-stm32.9-2020-q2-update.win32_2.0.0.202105311346/tools/bin/../lib/gcc/arm-none-eabi/9.3.1/../../../../arm-none-eabi/lib/thumb/v7-m/nofp\libc_nano.a
LOAD d:/stm32/stm32cubeide_1.7.0/stm32cubeide/plugins/com.st.stm32cube.ide.mcu.externaltools.gnu-tools-for-stm32.9-2020-q2-update.win32_2.0.0.202105311346/tools/bin/../lib/gcc/arm-none-eabi/9.3.1/../../../../arm-none-eabi/lib/thumb/v7-m/nofp\libm.a
END GROUP
START GROUP
LOAD d:/stm32/stm32cubeide_1.7.0/stm32cubeide/plugins/com.st.stm32cube.ide.mcu.externaltools.gnu-tools-for-stm32.9-2020-q2-update.win32_2.0.0.202105311346/tools/bin/../lib/gcc/arm-none-eabi/9.3.1/thumb/v7-m/nofp\libgcc.a
LOAD d:/stm32/stm32cubeide_1.7.0/stm32cubeide/plugins/com.st.stm32cube.ide.mcu.externaltools.gnu-tools-for-stm32.9-2020-q2-update.win32_2.0.0.202105311346/tools/bin/../lib/gcc/arm-none-eabi/9.3.1/../../../../arm-none-eabi/lib/thumb/v7-m/nofp\libc_nano.a
END GROUP
START GROUP
LOAD d:/stm32/stm32cubeide_1.7.0/stm32cubeide/plugins/com.st.stm32cube.ide.mcu.externaltools.gnu-tools-for-stm32.9-2020-q2-update.win32_2.0.0.202105311346/tools/bin/../lib/gcc/arm-none-eabi/9.3.1/thumb/v7-m/nofp\libgcc.a
LOAD d:/stm32/stm32cubeide_1.7.0/stm32cubeide/plugins/com.st.stm32cube.ide.mcu.externaltools.gnu-tools-for-stm32.9-2020-q2-update.win32_2.0.0.202105311346/tools/bin/../lib/gcc/arm-none-eabi/9.3.1/../../../../arm-none-eabi/lib/thumb/v7-m/nofp\libc_nano.a
LOAD d:/stm32/stm32cubeide_1.7.0/stm32cubeide/plugins/com.st.stm32cube.ide.mcu.externaltools.gnu-tools-for-stm32.9-2020-q2-update.win32_2.0.0.202105311346/tools/bin/../lib/gcc/arm-none-eabi/9.3.1/../../../../arm-none-eabi/lib/thumb/v7-m/nofp\libnosys.a
END GROUP
START GROUP
LOAD d:/stm32/stm32cubeide_1.7.0/stm32cubeide/plugins/com.st.stm32cube.ide.mcu.externaltools.gnu-tools-for-stm32.9-2020-q2-update.win32_2.0.0.202105311346/tools/bin/../lib/gcc/arm-none-eabi/9.3.1/thumb/v7-m/nofp\libgcc.a
LOAD d:/stm32/stm32cubeide_1.7.0/stm32cubeide/plugins/com.st.stm32cube.ide.mcu.externaltools.gnu-tools-for-stm32.9-2020-q2-update.win32_2.0.0.202105311346/tools/bin/../lib/gcc/arm-none-eabi/9.3.1/../../../../arm-none-eabi/lib/thumb/v7-m/nofp\libc_nano.a
LOAD d:/stm32/stm32cubeide_1.7.0/stm32cubeide/plugins/com.st.stm32cube.ide.mcu.externaltools.gnu-tools-for-stm32.9-2020-q2-update.win32_2.0.0.202105311346/tools/bin/../lib/gcc/arm-none-eabi/9.3.1/../../../../arm-none-eabi/lib/thumb/v7-m/nofp\libnosys.a
END GROUP
LOAD d:/stm32/stm32cubeide_1.7.0/stm32cubeide/plugins/com.st.stm32cube.ide.mcu.externaltools.gnu-tools-for-stm32.9-2020-q2-update.win32_2.0.0.202105311346/tools/bin/../lib/gcc/arm-none-eabi/9.3.1/thumb/v7-m/nofp/crtend.o
LOAD d:/stm32/stm32cubeide_1.7.0/stm32cubeide/plugins/com.st.stm32cube.ide.mcu.externaltools.gnu-tools-for-stm32.9-2020-q2-update.win32_2.0.0.202105311346/tools/bin/../lib/gcc/arm-none-eabi/9.3.1/thumb/v7-m/nofp/crtn.o
                0x0000000020002800                _estack = (ORIGIN (RAM) + LENGTH (RAM))
                0x0000000000000200                _Min_Heap_Size = 0x200
                0x0000000000000400                _Min_Stack_Size = 0x400

.isr_vector     0x0000000008000000      0x10c
                0x0000000008000000                . = ALIGN (0x4)
 *(.isr_vector)
 .isr_vector    0x0000000008000000      0x10c ./Core/Startup/startup_stm32f103c6ux.o
                0x0000000008000000                g_pfnVectors
                0x000000000800010c                . = ALIGN (0x4)

.text           0x000000000800010c     0x2bc4
                0x000000000800010c                . = ALIGN (0x4)
 *(.text)
 .text          0x000000000800010c       0x40 d:/stm32/stm32cubeide_1.7.0/stm32cubeide/plugins/com.st.stm32cube.ide.mcu.externaltools.gnu-tools-for-stm32.9-2020-q2-update.win32_2.0.0.202105311346/tools/bin/../lib/gcc/arm-none-eabi/9.3.1/thumb/v7-m/nofp/crtbegin.o
 *(.text*)
 .text.display7SEG_Mode
                0x000000000800014c      0x3a0 ./Core/Src/7seg.o
                0x000000000800014c                display7SEG_Mode
 .text.display7SEG_Value
                0x00000000080004ec      0x334 ./Core/Src/7seg.o
                0x00000000080004ec                display7SEG_Value
 .text.update7SEG_Mode
                0x0000000008000820       0x90 ./Core/Src/7seg.o
                0x0000000008000820                update7SEG_Mode
 .text.update7SEG_Value
                0x00000000080008b0       0x90 ./Core/Src/7seg.o
                0x00000000080008b0                update7SEG_Value
 .text.segRun1  0x0000000008000940       0x28 ./Core/Src/7seg.o
                0x0000000008000940                segRun1
 .text.segRun2  0x0000000008000968       0x28 ./Core/Src/7seg.o
                0x0000000008000968                segRun2
 .text.isButtonPressed
                0x0000000008000990       0x34 ./Core/Src/button.o
                0x0000000008000990                isButtonPressed
 .text.subKeyProcess
                0x00000000080009c4       0x20 ./Core/Src/button.o
                0x00000000080009c4                subKeyProcess
 .text.getKeyInput
                0x00000000080009e4      0x140 ./Core/Src/button.o
                0x00000000080009e4                getKeyInput
 .text.initValues
                0x0000000008000b24       0x44 ./Core/Src/global.o
                0x0000000008000b24                initValues
 .text.main     0x0000000008000b68       0x28 ./Core/Src/main.o
                0x0000000008000b68                main
 .text.SystemClock_Config
                0x0000000008000b90       0x76 ./Core/Src/main.o
                0x0000000008000b90                SystemClock_Config
 *fill*         0x0000000008000c06        0x2 
 .text.MX_TIM2_Init
                0x0000000008000c08       0x98 ./Core/Src/main.o
 .text.MX_GPIO_Init
                0x0000000008000ca0       0xc4 ./Core/Src/main.o
 .text.HAL_TIM_PeriodElapsedCallback
                0x0000000008000d64       0x18 ./Core/Src/main.o
                0x0000000008000d64                HAL_TIM_PeriodElapsedCallback
 .text.Error_Handler
                0x0000000008000d7c        0xa ./Core/Src/main.o
                0x0000000008000d7c                Error_Handler
 *fill*         0x0000000008000d86        0x2 
 .text.modeRun  0x0000000008000d88      0x32c ./Core/Src/mode_control.o
                0x0000000008000d88                modeRun
 .text.mode1Run
                0x00000000080010b4      0x160 ./Core/Src/normal_mode.o
                0x00000000080010b4                mode1Run
 .text.setTimer1
                0x0000000008001214       0x38 ./Core/Src/software_timer.o
                0x0000000008001214                setTimer1
 .text.setTimer2
                0x000000000800124c       0x38 ./Core/Src/software_timer.o
                0x000000000800124c                setTimer2
 .text.timerRun
                0x0000000008001284       0x84 ./Core/Src/software_timer.o
                0x0000000008001284                timerRun
 .text.HAL_MspInit
                0x0000000008001308       0x64 ./Core/Src/stm32f1xx_hal_msp.o
                0x0000000008001308                HAL_MspInit
 .text.HAL_TIM_Base_MspInit
                0x000000000800136c       0x48 ./Core/Src/stm32f1xx_hal_msp.o
                0x000000000800136c                HAL_TIM_Base_MspInit
 .text.NMI_Handler
                0x00000000080013b4        0x6 ./Core/Src/stm32f1xx_it.o
                0x00000000080013b4                NMI_Handler
 .text.HardFault_Handler
                0x00000000080013ba        0x6 ./Core/Src/stm32f1xx_it.o
                0x00000000080013ba                HardFault_Handler
 .text.MemManage_Handler
                0x00000000080013c0        0x6 ./Core/Src/stm32f1xx_it.o
                0x00000000080013c0                MemManage_Handler
 .text.BusFault_Handler
                0x00000000080013c6        0x6 ./Core/Src/stm32f1xx_it.o
                0x00000000080013c6                BusFault_Handler
 .text.UsageFault_Handler
                0x00000000080013cc        0x6 ./Core/Src/stm32f1xx_it.o
                0x00000000080013cc                UsageFault_Handler
 .text.SVC_Handler
                0x00000000080013d2        0xc ./Core/Src/stm32f1xx_it.o
                0x00000000080013d2                SVC_Handler
 .text.DebugMon_Handler
                0x00000000080013de        0xc ./Core/Src/stm32f1xx_it.o
                0x00000000080013de                DebugMon_Handler
 .text.PendSV_Handler
                0x00000000080013ea        0xc ./Core/Src/stm32f1xx_it.o
                0x00000000080013ea                PendSV_Handler
 .text.SysTick_Handler
                0x00000000080013f6        0xc ./Core/Src/stm32f1xx_it.o
                0x00000000080013f6                SysTick_Handler
 *fill*         0x0000000008001402        0x2 
 .text.TIM2_IRQHandler
                0x0000000008001404       0x14 ./Core/Src/stm32f1xx_it.o
                0x0000000008001404                TIM2_IRQHandler
 .text.SystemInit
                0x0000000008001418        0xc ./Core/Src/system_stm32f1xx.o
                0x0000000008001418                SystemInit
 .text.blinkingRED
                0x0000000008001424       0x44 ./Core/Src/traffic_control.o
                0x0000000008001424                blinkingRED
 .text.blinkingYELLOW
                0x0000000008001468       0x44 ./Core/Src/traffic_control.o
                0x0000000008001468                blinkingYELLOW
 .text.blinkingGREEN
                0x00000000080014ac       0x44 ./Core/Src/traffic_control.o
                0x00000000080014ac                blinkingGREEN
 .text.offAllLeds
                0x00000000080014f0       0x48 ./Core/Src/traffic_control.o
                0x00000000080014f0                offAllLeds
 .text.setRed1  0x0000000008001538       0x2c ./Core/Src/traffic_control.o
                0x0000000008001538                setRed1
 .text.setYellow1
                0x0000000008001564       0x2c ./Core/Src/traffic_control.o
                0x0000000008001564                setYellow1
 .text.setGreen1
                0x0000000008001590       0x2c ./Core/Src/traffic_control.o
                0x0000000008001590                setGreen1
 .text.setRed2  0x00000000080015bc       0x2c ./Core/Src/traffic_control.o
                0x00000000080015bc                setRed2
 .text.setYellow2
                0x00000000080015e8       0x2c ./Core/Src/traffic_control.o
                0x00000000080015e8                setYellow2
 .text.setGreen2
                0x0000000008001614       0x2c ./Core/Src/traffic_control.o
                0x0000000008001614                setGreen2
 .text.Reset_Handler
                0x0000000008001640       0x48 ./Core/Startup/startup_stm32f103c6ux.o
                0x0000000008001640                Reset_Handler
 .text.Default_Handler
                0x0000000008001688        0x2 ./Core/Startup/startup_stm32f103c6ux.o
                0x0000000008001688                RTC_Alarm_IRQHandler
                0x0000000008001688                EXTI2_IRQHandler
                0x0000000008001688                TIM1_CC_IRQHandler
                0x0000000008001688                PVD_IRQHandler
                0x0000000008001688                EXTI3_IRQHandler
                0x0000000008001688                EXTI0_IRQHandler
                0x0000000008001688                ADC1_2_IRQHandler
                0x0000000008001688                SPI1_IRQHandler
                0x0000000008001688                TAMPER_IRQHandler
                0x0000000008001688                DMA1_Channel4_IRQHandler
                0x0000000008001688                RTC_IRQHandler
                0x0000000008001688                DMA1_Channel7_IRQHandler
                0x0000000008001688                CAN1_RX1_IRQHandler
                0x0000000008001688                I2C1_EV_IRQHandler
                0x0000000008001688                DMA1_Channel6_IRQHandler
                0x0000000008001688                TIM3_IRQHandler
                0x0000000008001688                RCC_IRQHandler
                0x0000000008001688                TIM1_TRG_COM_IRQHandler
                0x0000000008001688                DMA1_Channel1_IRQHandler
                0x0000000008001688                Default_Handler
                0x0000000008001688                EXTI15_10_IRQHandler
                0x0000000008001688                EXTI9_5_IRQHandler
                0x0000000008001688                DMA1_Channel5_IRQHandler
                0x0000000008001688                EXTI4_IRQHandler
                0x0000000008001688                USB_LP_CAN1_RX0_IRQHandler
                0x0000000008001688                USB_HP_CAN1_TX_IRQHandler
                0x0000000008001688                DMA1_Channel3_IRQHandler
                0x0000000008001688                TIM1_UP_IRQHandler
                0x0000000008001688                WWDG_IRQHandler
                0x0000000008001688                TIM1_BRK_IRQHandler
                0x0000000008001688                EXTI1_IRQHandler
                0x0000000008001688                USART2_IRQHandler
                0x0000000008001688                DMA1_Channel2_IRQHandler
                0x0000000008001688                CAN1_SCE_IRQHandler
                0x0000000008001688                FLASH_IRQHandler
                0x0000000008001688                USART1_IRQHandler
                0x0000000008001688                I2C1_ER_IRQHandler
                0x0000000008001688                USBWakeUp_IRQHandler
 *fill*         0x000000000800168a        0x2 
 .text.HAL_Init
                0x000000000800168c       0x2c ./Drivers/STM32F1xx_HAL_Driver/Src/stm32f1xx_hal.o
                0x000000000800168c                HAL_Init
 .text.HAL_InitTick
                0x00000000080016b8       0x60 ./Drivers/STM32F1xx_HAL_Driver/Src/stm32f1xx_hal.o
                0x00000000080016b8                HAL_InitTick
 .text.HAL_IncTick
                0x0000000008001718       0x24 ./Drivers/STM32F1xx_HAL_Driver/Src/stm32f1xx_hal.o
                0x0000000008001718                HAL_IncTick
 .text.HAL_GetTick
                0x000000000800173c       0x14 ./Drivers/STM32F1xx_HAL_Driver/Src/stm32f1xx_hal.o
                0x000000000800173c                HAL_GetTick
 .text.__NVIC_SetPriorityGrouping
                0x0000000008001750       0x48 ./Drivers/STM32F1xx_HAL_Driver/Src/stm32f1xx_hal_cortex.o
 .text.__NVIC_GetPriorityGrouping
                0x0000000008001798       0x1c ./Drivers/STM32F1xx_HAL_Driver/Src/stm32f1xx_hal_cortex.o
 .text.__NVIC_EnableIRQ
                0x00000000080017b4       0x38 ./Drivers/STM32F1xx_HAL_Driver/Src/stm32f1xx_hal_cortex.o
 .text.__NVIC_SetPriority
                0x00000000080017ec       0x54 ./Drivers/STM32F1xx_HAL_Driver/Src/stm32f1xx_hal_cortex.o
 .text.NVIC_EncodePriority
                0x0000000008001840       0x64 ./Drivers/STM32F1xx_HAL_Driver/Src/stm32f1xx_hal_cortex.o
 .text.SysTick_Config
                0x00000000080018a4       0x44 ./Drivers/STM32F1xx_HAL_Driver/Src/stm32f1xx_hal_cortex.o
 .text.HAL_NVIC_SetPriorityGrouping
                0x00000000080018e8       0x16 ./Drivers/STM32F1xx_HAL_Driver/Src/stm32f1xx_hal_cortex.o
                0x00000000080018e8                HAL_NVIC_SetPriorityGrouping
 .text.HAL_NVIC_SetPriority
                0x00000000080018fe       0x38 ./Drivers/STM32F1xx_HAL_Driver/Src/stm32f1xx_hal_cortex.o
                0x00000000080018fe                HAL_NVIC_SetPriority
 .text.HAL_NVIC_EnableIRQ
                0x0000000008001936       0x1c ./Drivers/STM32F1xx_HAL_Driver/Src/stm32f1xx_hal_cortex.o
                0x0000000008001936                HAL_NVIC_EnableIRQ
 .text.HAL_SYSTICK_Config
                0x0000000008001952       0x18 ./Drivers/STM32F1xx_HAL_Driver/Src/stm32f1xx_hal_cortex.o
                0x0000000008001952                HAL_SYSTICK_Config
 *fill*         0x000000000800196a        0x2 
 .text.HAL_GPIO_Init
                0x000000000800196c      0x2f4 ./Drivers/STM32F1xx_HAL_Driver/Src/stm32f1xx_hal_gpio.o
                0x000000000800196c                HAL_GPIO_Init
 .text.HAL_GPIO_ReadPin
                0x0000000008001c60       0x2e ./Drivers/STM32F1xx_HAL_Driver/Src/stm32f1xx_hal_gpio.o
                0x0000000008001c60                HAL_GPIO_ReadPin
 .text.HAL_GPIO_WritePin
                0x0000000008001c8e       0x30 ./Drivers/STM32F1xx_HAL_Driver/Src/stm32f1xx_hal_gpio.o
                0x0000000008001c8e                HAL_GPIO_WritePin
 .text.HAL_GPIO_TogglePin
                0x0000000008001cbe       0x32 ./Drivers/STM32F1xx_HAL_Driver/Src/stm32f1xx_hal_gpio.o
                0x0000000008001cbe                HAL_GPIO_TogglePin
 .text.HAL_RCC_OscConfig
                0x0000000008001cf0      0x500 ./Drivers/STM32F1xx_HAL_Driver/Src/stm32f1xx_hal_rcc.o
                0x0000000008001cf0                HAL_RCC_OscConfig
 .text.HAL_RCC_ClockConfig
                0x00000000080021f0      0x1d4 ./Drivers/STM32F1xx_HAL_Driver/Src/stm32f1xx_hal_rcc.o
                0x00000000080021f0                HAL_RCC_ClockConfig
 .text.HAL_RCC_GetSysClockFreq
                0x00000000080023c4       0xa8 ./Drivers/STM32F1xx_HAL_Driver/Src/stm32f1xx_hal_rcc.o
                0x00000000080023c4                HAL_RCC_GetSysClockFreq
 .text.RCC_Delay
                0x000000000800246c       0x3c ./Drivers/STM32F1xx_HAL_Driver/Src/stm32f1xx_hal_rcc.o
 .text.HAL_TIM_Base_Init
                0x00000000080024a8       0x9e ./Drivers/STM32F1xx_HAL_Driver/Src/stm32f1xx_hal_tim.o
                0x00000000080024a8                HAL_TIM_Base_Init
 *fill*         0x0000000008002546        0x2 
 .text.HAL_TIM_Base_Start_IT
                0x0000000008002548       0x98 ./Drivers/STM32F1xx_HAL_Driver/Src/stm32f1xx_hal_tim.o
                0x0000000008002548                HAL_TIM_Base_Start_IT
 .text.HAL_TIM_IRQHandler
                0x00000000080025e0      0x1e0 ./Drivers/STM32F1xx_HAL_Driver/Src/stm32f1xx_hal_tim.o
                0x00000000080025e0                HAL_TIM_IRQHandler
 .text.HAL_TIM_ConfigClockSource
                0x00000000080027c0      0x18e ./Drivers/STM32F1xx_HAL_Driver/Src/stm32f1xx_hal_tim.o
                0x00000000080027c0                HAL_TIM_ConfigClockSource
 .text.HAL_TIM_OC_DelayElapsedCallback
                0x000000000800294e       0x12 ./Drivers/STM32F1xx_HAL_Driver/Src/stm32f1xx_hal_tim.o
                0x000000000800294e                HAL_TIM_OC_DelayElapsedCallback
 .text.HAL_TIM_IC_CaptureCallback
                0x0000000008002960       0x12 ./Drivers/STM32F1xx_HAL_Driver/Src/stm32f1xx_hal_tim.o
                0x0000000008002960                HAL_TIM_IC_CaptureCallback
 .text.HAL_TIM_PWM_PulseFinishedCallback
                0x0000000008002972       0x12 ./Drivers/STM32F1xx_HAL_Driver/Src/stm32f1xx_hal_tim.o
                0x0000000008002972                HAL_TIM_PWM_PulseFinishedCallback
 .text.HAL_TIM_TriggerCallback
                0x0000000008002984       0x12 ./Drivers/STM32F1xx_HAL_Driver/Src/stm32f1xx_hal_tim.o
                0x0000000008002984                HAL_TIM_TriggerCallback
 *fill*         0x0000000008002996        0x2 
 .text.TIM_Base_SetConfig
                0x0000000008002998       0xc8 ./Drivers/STM32F1xx_HAL_Driver/Src/stm32f1xx_hal_tim.o
                0x0000000008002998                TIM_Base_SetConfig
 .text.TIM_TI1_ConfigInputStage
                0x0000000008002a60       0x5c ./Drivers/STM32F1xx_HAL_Driver/Src/stm32f1xx_hal_tim.o
 .text.TIM_TI2_ConfigInputStage
                0x0000000008002abc       0x5e ./Drivers/STM32F1xx_HAL_Driver/Src/stm32f1xx_hal_tim.o
 .text.TIM_ITRx_SetConfig
                0x0000000008002b1a       0x34 ./Drivers/STM32F1xx_HAL_Driver/Src/stm32f1xx_hal_tim.o
 .text.TIM_ETR_SetConfig
                0x0000000008002b4e       0x3e ./Drivers/STM32F1xx_HAL_Driver/Src/stm32f1xx_hal_tim.o
                0x0000000008002b4e                TIM_ETR_SetConfig
 .text.HAL_TIMEx_MasterConfigSynchronization
                0x0000000008002b8c       0xb0 ./Drivers/STM32F1xx_HAL_Driver/Src/stm32f1xx_hal_tim_ex.o
                0x0000000008002b8c                HAL_TIMEx_MasterConfigSynchronization
 .text.HAL_TIMEx_CommutCallback
                0x0000000008002c3c       0x12 ./Drivers/STM32F1xx_HAL_Driver/Src/stm32f1xx_hal_tim_ex.o
                0x0000000008002c3c                HAL_TIMEx_CommutCallback
 .text.HAL_TIMEx_BreakCallback
                0x0000000008002c4e       0x12 ./Drivers/STM32F1xx_HAL_Driver/Src/stm32f1xx_hal_tim_ex.o
                0x0000000008002c4e                HAL_TIMEx_BreakCallback
 .text.__libc_init_array
                0x0000000008002c60       0x48 d:/stm32/stm32cubeide_1.7.0/stm32cubeide/plugins/com.st.stm32cube.ide.mcu.externaltools.gnu-tools-for-stm32.9-2020-q2-update.win32_2.0.0.202105311346/tools/bin/../lib/gcc/arm-none-eabi/9.3.1/../../../../arm-none-eabi/lib/thumb/v7-m/nofp\libc_nano.a(lib_a-init.o)
                0x0000000008002c60                __libc_init_array
 .text.memset   0x0000000008002ca8       0x10 d:/stm32/stm32cubeide_1.7.0/stm32cubeide/plugins/com.st.stm32cube.ide.mcu.externaltools.gnu-tools-for-stm32.9-2020-q2-update.win32_2.0.0.202105311346/tools/bin/../lib/gcc/arm-none-eabi/9.3.1/../../../../arm-none-eabi/lib/thumb/v7-m/nofp\libc_nano.a(lib_a-memset.o)
                0x0000000008002ca8                memset
 *(.glue_7)
 .glue_7        0x0000000008002cb8        0x0 linker stubs
 *(.glue_7t)
 .glue_7t       0x0000000008002cb8        0x0 linker stubs
 *(.eh_frame)
 .eh_frame      0x0000000008002cb8        0x0 d:/stm32/stm32cubeide_1.7.0/stm32cubeide/plugins/com.st.stm32cube.ide.mcu.externaltools.gnu-tools-for-stm32.9-2020-q2-update.win32_2.0.0.202105311346/tools/bin/../lib/gcc/arm-none-eabi/9.3.1/thumb/v7-m/nofp/crtbegin.o
 *(.init)
 .init          0x0000000008002cb8        0x4 d:/stm32/stm32cubeide_1.7.0/stm32cubeide/plugins/com.st.stm32cube.ide.mcu.externaltools.gnu-tools-for-stm32.9-2020-q2-update.win32_2.0.0.202105311346/tools/bin/../lib/gcc/arm-none-eabi/9.3.1/thumb/v7-m/nofp/crti.o
                0x0000000008002cb8                _init
 .init          0x0000000008002cbc        0x8 d:/stm32/stm32cubeide_1.7.0/stm32cubeide/plugins/com.st.stm32cube.ide.mcu.externaltools.gnu-tools-for-stm32.9-2020-q2-update.win32_2.0.0.202105311346/tools/bin/../lib/gcc/arm-none-eabi/9.3.1/thumb/v7-m/nofp/crtn.o
 *(.fini)
 .fini          0x0000000008002cc4        0x4 d:/stm32/stm32cubeide_1.7.0/stm32cubeide/plugins/com.st.stm32cube.ide.mcu.externaltools.gnu-tools-for-stm32.9-2020-q2-update.win32_2.0.0.202105311346/tools/bin/../lib/gcc/arm-none-eabi/9.3.1/thumb/v7-m/nofp/crti.o
                0x0000000008002cc4                _fini
 .fini          0x0000000008002cc8        0x8 d:/stm32/stm32cubeide_1.7.0/stm32cubeide/plugins/com.st.stm32cube.ide.mcu.externaltools.gnu-tools-for-stm32.9-2020-q2-update.win32_2.0.0.202105311346/tools/bin/../lib/gcc/arm-none-eabi/9.3.1/thumb/v7-m/nofp/crtn.o
                0x0000000008002cd0                . = ALIGN (0x4)
                0x0000000008002cd0                _etext = .

.vfp11_veneer   0x0000000008002cd0        0x0
 .vfp11_veneer  0x0000000008002cd0        0x0 linker stubs

.v4_bx          0x0000000008002cd0        0x0
 .v4_bx         0x0000000008002cd0        0x0 linker stubs

.iplt           0x0000000008002cd0        0x0
 .iplt          0x0000000008002cd0        0x0 d:/stm32/stm32cubeide_1.7.0/stm32cubeide/plugins/com.st.stm32cube.ide.mcu.externaltools.gnu-tools-for-stm32.9-2020-q2-update.win32_2.0.0.202105311346/tools/bin/../lib/gcc/arm-none-eabi/9.3.1/thumb/v7-m/nofp/crtbegin.o

.rodata         0x0000000008002cd0       0x24
                0x0000000008002cd0                . = ALIGN (0x4)
 *(.rodata)
 *(.rodata*)
 .rodata.AHBPrescTable
                0x0000000008002cd0       0x10 ./Core/Src/system_stm32f1xx.o
                0x0000000008002cd0                AHBPrescTable
 .rodata.aPLLMULFactorTable.6032
                0x0000000008002ce0       0x10 ./Drivers/STM32F1xx_HAL_Driver/Src/stm32f1xx_hal_rcc.o
 .rodata.aPredivFactorTable.6033
                0x0000000008002cf0        0x2 ./Drivers/STM32F1xx_HAL_Driver/Src/stm32f1xx_hal_rcc.o
                0x0000000008002cf4                . = ALIGN (0x4)
 *fill*         0x0000000008002cf2        0x2 

.rel.dyn        0x0000000008002cf4        0x0
 .rel.iplt      0x0000000008002cf4        0x0 d:/stm32/stm32cubeide_1.7.0/stm32cubeide/plugins/com.st.stm32cube.ide.mcu.externaltools.gnu-tools-for-stm32.9-2020-q2-update.win32_2.0.0.202105311346/tools/bin/../lib/gcc/arm-none-eabi/9.3.1/thumb/v7-m/nofp/crtbegin.o

.ARM.extab      0x0000000008002cf4        0x0
                0x0000000008002cf4                . = ALIGN (0x4)
 *(.ARM.extab* .gnu.linkonce.armextab.*)
                0x0000000008002cf4                . = ALIGN (0x4)

.ARM            0x0000000008002cf4        0x0
                0x0000000008002cf4                . = ALIGN (0x4)
                0x0000000008002cf4                __exidx_start = .
 *(.ARM.exidx*)
                0x0000000008002cf4                __exidx_end = .
                0x0000000008002cf4                . = ALIGN (0x4)

.preinit_array  0x0000000008002cf4        0x0
                0x0000000008002cf4                . = ALIGN (0x4)
                0x0000000008002cf4                PROVIDE (__preinit_array_start = .)
 *(.preinit_array*)
                0x0000000008002cf4                PROVIDE (__preinit_array_end = .)
                0x0000000008002cf4                . = ALIGN (0x4)

.init_array     0x0000000008002cf4        0x4
                0x0000000008002cf4                . = ALIGN (0x4)
                0x0000000008002cf4                PROVIDE (__init_array_start = .)
 *(SORT_BY_NAME(.init_array.*))
 *(.init_array*)
 .init_array    0x0000000008002cf4        0x4 d:/stm32/stm32cubeide_1.7.0/stm32cubeide/plugins/com.st.stm32cube.ide.mcu.externaltools.gnu-tools-for-stm32.9-2020-q2-update.win32_2.0.0.202105311346/tools/bin/../lib/gcc/arm-none-eabi/9.3.1/thumb/v7-m/nofp/crtbegin.o
                0x0000000008002cf8                PROVIDE (__init_array_end = .)
                0x0000000008002cf8                . = ALIGN (0x4)

.fini_array     0x0000000008002cf8        0x4
                0x0000000008002cf8                . = ALIGN (0x4)
                [!provide]                        PROVIDE (__fini_array_start = .)
 *(SORT_BY_NAME(.fini_array.*))
 *(.fini_array*)
 .fini_array    0x0000000008002cf8        0x4 d:/stm32/stm32cubeide_1.7.0/stm32cubeide/plugins/com.st.stm32cube.ide.mcu.externaltools.gnu-tools-for-stm32.9-2020-q2-update.win32_2.0.0.202105311346/tools/bin/../lib/gcc/arm-none-eabi/9.3.1/thumb/v7-m/nofp/crtbegin.o
                [!provide]                        PROVIDE (__fini_array_end = .)
                0x0000000008002cfc                . = ALIGN (0x4)
                0x0000000008002cfc                _sidata = LOADADDR (.data)

.data           0x0000000020000000       0x40 load address 0x0000000008002cfc
                0x0000000020000000                . = ALIGN (0x4)
                0x0000000020000000                _sdata = .
 *(.data)
 *(.data*)
 .data.buttonBuffer
                0x0000000020000000        0xc ./Core/Src/button.o
 .data.debounceButtonBuffer1
                0x000000002000000c        0xc ./Core/Src/button.o
 .data.debounceButtonBuffer2
                0x0000000020000018        0xc ./Core/Src/button.o
 .data.longPressButtonBuffer
                0x0000000020000024        0xc ./Core/Src/button.o
 .data.state    0x0000000020000030        0x4 ./Core/Src/global.o
                0x0000000020000030                state
 .data.SystemCoreClock
                0x0000000020000034        0x4 ./Core/Src/system_stm32f1xx.o
                0x0000000020000034                SystemCoreClock
 .data.uwTickPrio
                0x0000000020000038        0x4 ./Drivers/STM32F1xx_HAL_Driver/Src/stm32f1xx_hal.o
                0x0000000020000038                uwTickPrio
 .data.uwTickFreq
                0x000000002000003c        0x1 ./Drivers/STM32F1xx_HAL_Driver/Src/stm32f1xx_hal.o
                0x000000002000003c                uwTickFreq
 *(.RamFunc)
 *(.RamFunc*)
                0x0000000020000040                . = ALIGN (0x4)
 *fill*         0x000000002000003d        0x3 
                0x0000000020000040                _edata = .

.igot.plt       0x0000000020000040        0x0 load address 0x0000000008002d3c
 .igot.plt      0x0000000020000040        0x0 d:/stm32/stm32cubeide_1.7.0/stm32cubeide/plugins/com.st.stm32cube.ide.mcu.externaltools.gnu-tools-for-stm32.9-2020-q2-update.win32_2.0.0.202105311346/tools/bin/../lib/gcc/arm-none-eabi/9.3.1/thumb/v7-m/nofp/crtbegin.o
                0x0000000020000040                . = ALIGN (0x4)

.bss            0x0000000020000040       0xb8 load address 0x0000000008002d3c
                0x0000000020000040                _sbss = .
                0x0000000020000040                __bss_start__ = _sbss
 *(.bss)
 .bss           0x0000000020000040       0x1c d:/stm32/stm32cubeide_1.7.0/stm32cubeide/plugins/com.st.stm32cube.ide.mcu.externaltools.gnu-tools-for-stm32.9-2020-q2-update.win32_2.0.0.202105311346/tools/bin/../lib/gcc/arm-none-eabi/9.3.1/thumb/v7-m/nofp/crtbegin.o
 *(.bss*)
 .bss.mode      0x000000002000005c        0x4 ./Core/Src/global.o
                0x000000002000005c                mode
 .bss.timer1_flag
                0x0000000020000060        0x4 ./Core/Src/software_timer.o
                0x0000000020000060                timer1_flag
 .bss.timer1_counter
                0x0000000020000064        0x4 ./Core/Src/software_timer.o
                0x0000000020000064                timer1_counter
 .bss.timer2_flag
                0x0000000020000068        0x4 ./Core/Src/software_timer.o
                0x0000000020000068                timer2_flag
 .bss.timer2_counter
                0x000000002000006c        0x4 ./Core/Src/software_timer.o
                0x000000002000006c                timer2_counter
 .bss.timer3_flag
                0x0000000020000070        0x4 ./Core/Src/software_timer.o
                0x0000000020000070                timer3_flag
 .bss.timer3_counter
                0x0000000020000074        0x4 ./Core/Src/software_timer.o
                0x0000000020000074                timer3_counter
 *(COMMON)
 COMMON         0x0000000020000078       0x18 ./Core/Src/button.o
                0x0000000020000078                TimeOutForKeyPress
                0x0000000020000084                button_flag
 COMMON         0x0000000020000090       0x14 ./Core/Src/global.o
                0x0000000020000090                ledValueData
                0x0000000020000094                yellowTime
                0x0000000020000098                ledModeData
                0x000000002000009c                redTime
                0x00000000200000a0                greenTime
 COMMON         0x00000000200000a4       0x48 ./Core/Src/main.o
                0x00000000200000a4                htim2
 COMMON         0x00000000200000ec        0x8 ./Core/Src/mode_control.o
                0x00000000200000ec                temp
                0x00000000200000f0                counter
 COMMON         0x00000000200000f4        0x4 ./Drivers/STM32F1xx_HAL_Driver/Src/stm32f1xx_hal.o
                0x00000000200000f4                uwTick
                0x00000000200000f8                . = ALIGN (0x4)
                0x00000000200000f8                _ebss = .
                0x00000000200000f8                __bss_end__ = _ebss

._user_heap_stack
                0x00000000200000f8      0x600 load address 0x0000000008002d3c
                0x00000000200000f8                . = ALIGN (0x8)
                [!provide]                        PROVIDE (end = .)
                0x00000000200000f8                PROVIDE (_end = .)
                0x00000000200002f8                . = (. + _Min_Heap_Size)
 *fill*         0x00000000200000f8      0x200 
                0x00000000200006f8                . = (. + _Min_Stack_Size)
 *fill*         0x00000000200002f8      0x400 
                0x00000000200006f8                . = ALIGN (0x8)

/DISCARD/
 libc.a(*)
 libm.a(*)
 libgcc.a(*)

.ARM.attributes
                0x0000000000000000       0x29
 *(.ARM.attributes)
 .ARM.attributes
                0x0000000000000000       0x1d d:/stm32/stm32cubeide_1.7.0/stm32cubeide/plugins/com.st.stm32cube.ide.mcu.externaltools.gnu-tools-for-stm32.9-2020-q2-update.win32_2.0.0.202105311346/tools/bin/../lib/gcc/arm-none-eabi/9.3.1/thumb/v7-m/nofp/crti.o
 .ARM.attributes
                0x000000000000001d       0x2d d:/stm32/stm32cubeide_1.7.0/stm32cubeide/plugins/com.st.stm32cube.ide.mcu.externaltools.gnu-tools-for-stm32.9-2020-q2-update.win32_2.0.0.202105311346/tools/bin/../lib/gcc/arm-none-eabi/9.3.1/thumb/v7-m/nofp/crtbegin.o
 .ARM.attributes
                0x000000000000004a       0x2d ./Core/Src/7seg.o
 .ARM.attributes
                0x0000000000000077       0x2d ./Core/Src/button.o
 .ARM.attributes
                0x00000000000000a4       0x2d ./Core/Src/global.o
 .ARM.attributes
                0x00000000000000d1       0x2d ./Core/Src/main.o
 .ARM.attributes
                0x00000000000000fe       0x2d ./Core/Src/mode_control.o
 .ARM.attributes
                0x000000000000012b       0x2d ./Core/Src/normal_mode.o
 .ARM.attributes
                0x0000000000000158       0x2d ./Core/Src/software_timer.o
 .ARM.attributes
                0x0000000000000185       0x2d ./Core/Src/stm32f1xx_hal_msp.o
 .ARM.attributes
                0x00000000000001b2       0x2d ./Core/Src/stm32f1xx_it.o
 .ARM.attributes
                0x00000000000001df       0x2d ./Core/Src/system_stm32f1xx.o
 .ARM.attributes
                0x000000000000020c       0x2d ./Core/Src/traffic_control.o
 .ARM.attributes
                0x0000000000000239       0x21 ./Core/Startup/startup_stm32f103c6ux.o
 .ARM.attributes
                0x000000000000025a       0x2d ./Drivers/STM32F1xx_HAL_Driver/Src/stm32f1xx_hal.o
 .ARM.attributes
                0x0000000000000287       0x2d ./Drivers/STM32F1xx_HAL_Driver/Src/stm32f1xx_hal_cortex.o
 .ARM.attributes
                0x00000000000002b4       0x2d ./Drivers/STM32F1xx_HAL_Driver/Src/stm32f1xx_hal_gpio.o
 .ARM.attributes
                0x00000000000002e1       0x2d ./Drivers/STM32F1xx_HAL_Driver/Src/stm32f1xx_hal_rcc.o
 .ARM.attributes
                0x000000000000030e       0x2d ./Drivers/STM32F1xx_HAL_Driver/Src/stm32f1xx_hal_tim.o
 .ARM.attributes
                0x000000000000033b       0x2d ./Drivers/STM32F1xx_HAL_Driver/Src/stm32f1xx_hal_tim_ex.o
 .ARM.attributes
                0x0000000000000368       0x2d d:/stm32/stm32cubeide_1.7.0/stm32cubeide/plugins/com.st.stm32cube.ide.mcu.externaltools.gnu-tools-for-stm32.9-2020-q2-update.win32_2.0.0.202105311346/tools/bin/../lib/gcc/arm-none-eabi/9.3.1/../../../../arm-none-eabi/lib/thumb/v7-m/nofp\libc_nano.a(lib_a-init.o)
 .ARM.attributes
                0x0000000000000395       0x2d d:/stm32/stm32cubeide_1.7.0/stm32cubeide/plugins/com.st.stm32cube.ide.mcu.externaltools.gnu-tools-for-stm32.9-2020-q2-update.win32_2.0.0.202105311346/tools/bin/../lib/gcc/arm-none-eabi/9.3.1/../../../../arm-none-eabi/lib/thumb/v7-m/nofp\libc_nano.a(lib_a-memset.o)
 .ARM.attributes
                0x00000000000003c2       0x1d d:/stm32/stm32cubeide_1.7.0/stm32cubeide/plugins/com.st.stm32cube.ide.mcu.externaltools.gnu-tools-for-stm32.9-2020-q2-update.win32_2.0.0.202105311346/tools/bin/../lib/gcc/arm-none-eabi/9.3.1/thumb/v7-m/nofp/crtn.o
OUTPUT(Lab3.elf elf32-littlearm)
LOAD linker stubs
LOAD d:/stm32/stm32cubeide_1.7.0/stm32cubeide/plugins/com.st.stm32cube.ide.mcu.externaltools.gnu-tools-for-stm32.9-2020-q2-update.win32_2.0.0.202105311346/tools/bin/../lib/gcc/arm-none-eabi/9.3.1/../../../../arm-none-eabi/lib/thumb/v7-m/nofp\libc.a
LOAD d:/stm32/stm32cubeide_1.7.0/stm32cubeide/plugins/com.st.stm32cube.ide.mcu.externaltools.gnu-tools-for-stm32.9-2020-q2-update.win32_2.0.0.202105311346/tools/bin/../lib/gcc/arm-none-eabi/9.3.1/../../../../arm-none-eabi/lib/thumb/v7-m/nofp\libm.a
LOAD d:/stm32/stm32cubeide_1.7.0/stm32cubeide/plugins/com.st.stm32cube.ide.mcu.externaltools.gnu-tools-for-stm32.9-2020-q2-update.win32_2.0.0.202105311346/tools/bin/../lib/gcc/arm-none-eabi/9.3.1/thumb/v7-m/nofp\libgcc.a

.debug_info     0x0000000000000000     0x9ad7
 .debug_info    0x0000000000000000      0x3af ./Core/Src/7seg.o
 .debug_info    0x00000000000003af      0x3e9 ./Core/Src/button.o
 .debug_info    0x0000000000000798      0x2b2 ./Core/Src/global.o
 .debug_info    0x0000000000000a4a      0xc40 ./Core/Src/main.o
 .debug_info    0x000000000000168a      0x273 ./Core/Src/mode_control.o
 .debug_info    0x00000000000018fd      0x23e ./Core/Src/normal_mode.o
 .debug_info    0x0000000000001b3b      0x30c ./Core/Src/software_timer.o
 .debug_info    0x0000000000001e47      0xa09 ./Core/Src/stm32f1xx_hal_msp.o
 .debug_info    0x0000000000002850      0x7b9 ./Core/Src/stm32f1xx_it.o
 .debug_info    0x0000000000003009      0x2be ./Core/Src/system_stm32f1xx.o
 .debug_info    0x00000000000032c7      0x39f ./Core/Src/traffic_control.o
 .debug_info    0x0000000000003666       0x22 ./Core/Startup/startup_stm32f103c6ux.o
 .debug_info    0x0000000000003688      0x74c ./Drivers/STM32F1xx_HAL_Driver/Src/stm32f1xx_hal.o
 .debug_info    0x0000000000003dd4      0xbbe ./Drivers/STM32F1xx_HAL_Driver/Src/stm32f1xx_hal_cortex.o
 .debug_info    0x0000000000004992      0x701 ./Drivers/STM32F1xx_HAL_Driver/Src/stm32f1xx_hal_gpio.o
 .debug_info    0x0000000000005093      0x893 ./Drivers/STM32F1xx_HAL_Driver/Src/stm32f1xx_hal_rcc.o
 .debug_info    0x0000000000005926     0x2c32 ./Drivers/STM32F1xx_HAL_Driver/Src/stm32f1xx_hal_tim.o
 .debug_info    0x0000000000008558     0x157f ./Drivers/STM32F1xx_HAL_Driver/Src/stm32f1xx_hal_tim_ex.o

.debug_abbrev   0x0000000000000000     0x1c61
 .debug_abbrev  0x0000000000000000      0x146 ./Core/Src/7seg.o
 .debug_abbrev  0x0000000000000146      0x1b1 ./Core/Src/button.o
 .debug_abbrev  0x00000000000002f7       0xd8 ./Core/Src/global.o
 .debug_abbrev  0x00000000000003cf      0x22c ./Core/Src/main.o
 .debug_abbrev  0x00000000000005fb       0xe6 ./Core/Src/mode_control.o
 .debug_abbrev  0x00000000000006e1       0xb6 ./Core/Src/normal_mode.o
 .debug_abbrev  0x0000000000000797      0x11f ./Core/Src/software_timer.o
 .debug_abbrev  0x00000000000008b6      0x1b7 ./Core/Src/stm32f1xx_hal_msp.o
 .debug_abbrev  0x0000000000000a6d      0x176 ./Core/Src/stm32f1xx_it.o
 .debug_abbrev  0x0000000000000be3      0x14e ./Core/Src/system_stm32f1xx.o
 .debug_abbrev  0x0000000000000d31       0xff ./Core/Src/traffic_control.o
 .debug_abbrev  0x0000000000000e30       0x12 ./Core/Startup/startup_stm32f103c6ux.o
 .debug_abbrev  0x0000000000000e42      0x1ed ./Drivers/STM32F1xx_HAL_Driver/Src/stm32f1xx_hal.o
 .debug_abbrev  0x000000000000102f      0x313 ./Drivers/STM32F1xx_HAL_Driver/Src/stm32f1xx_hal_cortex.o
 .debug_abbrev  0x0000000000001342      0x1e8 ./Drivers/STM32F1xx_HAL_Driver/Src/stm32f1xx_hal_gpio.o
 .debug_abbrev  0x000000000000152a      0x273 ./Drivers/STM32F1xx_HAL_Driver/Src/stm32f1xx_hal_rcc.o
 .debug_abbrev  0x000000000000179d      0x25e ./Drivers/STM32F1xx_HAL_Driver/Src/stm32f1xx_hal_tim.o
 .debug_abbrev  0x00000000000019fb      0x266 ./Drivers/STM32F1xx_HAL_Driver/Src/stm32f1xx_hal_tim_ex.o

.debug_aranges  0x0000000000000000      0xab8
 .debug_aranges
                0x0000000000000000       0x48 ./Core/Src/7seg.o
 .debug_aranges
                0x0000000000000048       0x38 ./Core/Src/button.o
 .debug_aranges
                0x0000000000000080       0x20 ./Core/Src/global.o
 .debug_aranges
                0x00000000000000a0       0x48 ./Core/Src/main.o
 .debug_aranges
                0x00000000000000e8       0x20 ./Core/Src/mode_control.o
 .debug_aranges
                0x0000000000000108       0x20 ./Core/Src/normal_mode.o
 .debug_aranges
                0x0000000000000128       0x38 ./Core/Src/software_timer.o
 .debug_aranges
                0x0000000000000160       0x30 ./Core/Src/stm32f1xx_hal_msp.o
 .debug_aranges
                0x0000000000000190       0x68 ./Core/Src/stm32f1xx_it.o
 .debug_aranges
                0x00000000000001f8       0x28 ./Core/Src/system_stm32f1xx.o
 .debug_aranges
                0x0000000000000220       0x70 ./Core/Src/traffic_control.o
 .debug_aranges
                0x0000000000000290       0x28 ./Core/Startup/startup_stm32f103c6ux.o
 .debug_aranges
                0x00000000000002b8       0xe0 ./Drivers/STM32F1xx_HAL_Driver/Src/stm32f1xx_hal.o
 .debug_aranges
                0x0000000000000398      0x100 ./Drivers/STM32F1xx_HAL_Driver/Src/stm32f1xx_hal_cortex.o
 .debug_aranges
                0x0000000000000498       0x58 ./Drivers/STM32F1xx_HAL_Driver/Src/stm32f1xx_hal_gpio.o
 .debug_aranges
                0x00000000000004f0       0x90 ./Drivers/STM32F1xx_HAL_Driver/Src/stm32f1xx_hal_rcc.o
 .debug_aranges
                0x0000000000000580      0x3d0 ./Drivers/STM32F1xx_HAL_Driver/Src/stm32f1xx_hal_tim.o
 .debug_aranges
                0x0000000000000950      0x168 ./Drivers/STM32F1xx_HAL_Driver/Src/stm32f1xx_hal_tim_ex.o

.debug_ranges   0x0000000000000000      0x9a0
 .debug_ranges  0x0000000000000000       0x38 ./Core/Src/7seg.o
 .debug_ranges  0x0000000000000038       0x28 ./Core/Src/button.o
 .debug_ranges  0x0000000000000060       0x10 ./Core/Src/global.o
 .debug_ranges  0x0000000000000070       0x38 ./Core/Src/main.o
 .debug_ranges  0x00000000000000a8       0x10 ./Core/Src/mode_control.o
 .debug_ranges  0x00000000000000b8       0x10 ./Core/Src/normal_mode.o
 .debug_ranges  0x00000000000000c8       0x28 ./Core/Src/software_timer.o
 .debug_ranges  0x00000000000000f0       0x20 ./Core/Src/stm32f1xx_hal_msp.o
 .debug_ranges  0x0000000000000110       0x58 ./Core/Src/stm32f1xx_it.o
 .debug_ranges  0x0000000000000168       0x18 ./Core/Src/system_stm32f1xx.o
 .debug_ranges  0x0000000000000180       0x60 ./Core/Src/traffic_control.o
 .debug_ranges  0x00000000000001e0       0x20 ./Core/Startup/startup_stm32f103c6ux.o
 .debug_ranges  0x0000000000000200       0xd0 ./Drivers/STM32F1xx_HAL_Driver/Src/stm32f1xx_hal.o
 .debug_ranges  0x00000000000002d0       0xf0 ./Drivers/STM32F1xx_HAL_Driver/Src/stm32f1xx_hal_cortex.o
 .debug_ranges  0x00000000000003c0       0x48 ./Drivers/STM32F1xx_HAL_Driver/Src/stm32f1xx_hal_gpio.o
 .debug_ranges  0x0000000000000408       0x80 ./Drivers/STM32F1xx_HAL_Driver/Src/stm32f1xx_hal_rcc.o
 .debug_ranges  0x0000000000000488      0x3c0 ./Drivers/STM32F1xx_HAL_Driver/Src/stm32f1xx_hal_tim.o
 .debug_ranges  0x0000000000000848      0x158 ./Drivers/STM32F1xx_HAL_Driver/Src/stm32f1xx_hal_tim_ex.o

.debug_macro    0x0000000000000000    0x172ac
 .debug_macro   0x0000000000000000      0x1fc ./Core/Src/7seg.o
 .debug_macro   0x00000000000001fc      0xa9c ./Core/Src/7seg.o
 .debug_macro   0x0000000000000c98      0x215 ./Core/Src/7seg.o
 .debug_macro   0x0000000000000ead       0x2e ./Core/Src/7seg.o
 .debug_macro   0x0000000000000edb       0x22 ./Core/Src/7seg.o
 .debug_macro   0x0000000000000efd       0x22 ./Core/Src/7seg.o
 .debug_macro   0x0000000000000f1f       0x8e ./Core/Src/7seg.o
 .debug_macro   0x0000000000000fad       0x51 ./Core/Src/7seg.o
 .debug_macro   0x0000000000000ffe      0x103 ./Core/Src/7seg.o
 .debug_macro   0x0000000000001101       0x6a ./Core/Src/7seg.o
 .debug_macro   0x000000000000116b      0x1df ./Core/Src/7seg.o
 .debug_macro   0x000000000000134a       0x1c ./Core/Src/7seg.o
 .debug_macro   0x0000000000001366       0x22 ./Core/Src/7seg.o
 .debug_macro   0x0000000000001388       0xc3 ./Core/Src/7seg.o
 .debug_macro   0x000000000000144b      0xd23 ./Core/Src/7seg.o
 .debug_macro   0x000000000000216e     0xde75 ./Core/Src/7seg.o
 .debug_macro   0x000000000000ffe3       0x6d ./Core/Src/7seg.o
 .debug_macro   0x0000000000010050     0x34a2 ./Core/Src/7seg.o
 .debug_macro   0x00000000000134f2      0x174 ./Core/Src/7seg.o
 .debug_macro   0x0000000000013666       0x5c ./Core/Src/7seg.o
 .debug_macro   0x00000000000136c2      0x5bc ./Core/Src/7seg.o
 .debug_macro   0x0000000000013c7e      0x1b7 ./Core/Src/7seg.o
 .debug_macro   0x0000000000013e35      0x1cb ./Core/Src/7seg.o
 .debug_macro   0x0000000000014000      0x114 ./Core/Src/7seg.o
 .debug_macro   0x0000000000014114      0x1b2 ./Core/Src/7seg.o
 .debug_macro   0x00000000000142c6       0x27 ./Core/Src/7seg.o
 .debug_macro   0x00000000000142ed      0x12f ./Core/Src/7seg.o
 .debug_macro   0x000000000001441c      0x1bc ./Core/Src/7seg.o
 .debug_macro   0x00000000000145d8       0x34 ./Core/Src/7seg.o
 .debug_macro   0x000000000001460c       0x3c ./Core/Src/7seg.o
 .debug_macro   0x0000000000014648       0x57 ./Core/Src/7seg.o
 .debug_macro   0x000000000001469f       0x87 ./Core/Src/7seg.o
 .debug_macro   0x0000000000014726      0x183 ./Core/Src/7seg.o
 .debug_macro   0x00000000000148a9      0x140 ./Core/Src/7seg.o
 .debug_macro   0x00000000000149e9      0x8ed ./Core/Src/7seg.o
 .debug_macro   0x00000000000152d6       0x69 ./Core/Src/7seg.o
 .debug_macro   0x000000000001533f      0x148 ./Core/Src/7seg.o
 .debug_macro   0x0000000000015487       0x2e ./Core/Src/7seg.o
 .debug_macro   0x00000000000154b5       0x16 ./Core/Src/7seg.o
 .debug_macro   0x00000000000154cb       0x28 ./Core/Src/7seg.o
 .debug_macro   0x00000000000154f3       0x58 ./Core/Src/7seg.o
 .debug_macro   0x000000000001554b      0x202 ./Core/Src/button.o
 .debug_macro   0x000000000001574d       0x10 ./Core/Src/button.o
 .debug_macro   0x000000000001575d      0x1f8 ./Core/Src/global.o
 .debug_macro   0x0000000000015955      0x212 ./Core/Src/main.o
 .debug_macro   0x0000000000015b67       0x22 ./Core/Src/main.o
 .debug_macro   0x0000000000015b89      0x1fc ./Core/Src/mode_control.o
 .debug_macro   0x0000000000015d85      0x206 ./Core/Src/normal_mode.o
 .debug_macro   0x0000000000015f8b      0x206 ./Core/Src/software_timer.o
 .debug_macro   0x0000000000016191      0x1a6 ./Core/Src/stm32f1xx_hal_msp.o
 .debug_macro   0x0000000000016337      0x1b0 ./Core/Src/stm32f1xx_it.o
 .debug_macro   0x00000000000164e7      0x197 ./Core/Src/system_stm32f1xx.o
 .debug_macro   0x000000000001667e      0x202 ./Core/Src/traffic_control.o
 .debug_macro   0x0000000000016880      0x1bb ./Drivers/STM32F1xx_HAL_Driver/Src/stm32f1xx_hal.o
 .debug_macro   0x0000000000016a3b      0x197 ./Drivers/STM32F1xx_HAL_Driver/Src/stm32f1xx_hal_cortex.o
 .debug_macro   0x0000000000016bd2      0x202 ./Drivers/STM32F1xx_HAL_Driver/Src/stm32f1xx_hal_gpio.o
 .debug_macro   0x0000000000016dd4      0x1a9 ./Drivers/STM32F1xx_HAL_Driver/Src/stm32f1xx_hal_rcc.o
 .debug_macro   0x0000000000016f7d      0x198 ./Drivers/STM32F1xx_HAL_Driver/Src/stm32f1xx_hal_tim.o
 .debug_macro   0x0000000000017115      0x197 ./Drivers/STM32F1xx_HAL_Driver/Src/stm32f1xx_hal_tim_ex.o

.debug_line     0x0000000000000000     0xc9a3
 .debug_line    0x0000000000000000      0x850 ./Core/Src/7seg.o
 .debug_line    0x0000000000000850      0x7c1 ./Core/Src/button.o
 .debug_line    0x0000000000001011      0x6de ./Core/Src/global.o
 .debug_line    0x00000000000016ef      0x7f3 ./Core/Src/main.o
 .debug_line    0x0000000000001ee2      0x837 ./Core/Src/mode_control.o
 .debug_line    0x0000000000002719      0x74c ./Core/Src/normal_mode.o
 .debug_line    0x0000000000002e65      0x764 ./Core/Src/software_timer.o
 .debug_line    0x00000000000035c9      0x6ad ./Core/Src/stm32f1xx_hal_msp.o
 .debug_line    0x0000000000003c76      0x74b ./Core/Src/stm32f1xx_it.o
 .debug_line    0x00000000000043c1      0x6ef ./Core/Src/system_stm32f1xx.o
 .debug_line    0x0000000000004ab0      0x7e7 ./Core/Src/traffic_control.o
 .debug_line    0x0000000000005297       0x86 ./Core/Startup/startup_stm32f103c6ux.o
 .debug_line    0x000000000000531d      0x91c ./Drivers/STM32F1xx_HAL_Driver/Src/stm32f1xx_hal.o
 .debug_line    0x0000000000005c39      0xb04 ./Drivers/STM32F1xx_HAL_Driver/Src/stm32f1xx_hal_cortex.o
 .debug_line    0x000000000000673d      0x99f ./Drivers/STM32F1xx_HAL_Driver/Src/stm32f1xx_hal_gpio.o
 .debug_line    0x00000000000070dc      0xd28 ./Drivers/STM32F1xx_HAL_Driver/Src/stm32f1xx_hal_rcc.o
 .debug_line    0x0000000000007e04     0x336d ./Drivers/STM32F1xx_HAL_Driver/Src/stm32f1xx_hal_tim.o
 .debug_line    0x000000000000b171     0x1832 ./Drivers/STM32F1xx_HAL_Driver/Src/stm32f1xx_hal_tim_ex.o

.debug_str      0x0000000000000000    0x82716
 .debug_str     0x0000000000000000    0x7fba6 ./Core/Src/7seg.o
                                      0x7fef1 (size before relaxing)
 .debug_str     0x000000000007fba6       0xb1 ./Core/Src/button.o
                                      0x7ff36 (size before relaxing)
 .debug_str     0x000000000007fc57       0x20 ./Core/Src/global.o
                                      0x7fe75 (size before relaxing)
 .debug_str     0x000000000007fc77      0x6fb ./Core/Src/main.o
                                      0x80624 (size before relaxing)
 .debug_str     0x0000000000080372       0x31 ./Core/Src/mode_control.o
                                      0x7fe7f (size before relaxing)
 .debug_str     0x00000000000803a3       0x23 ./Core/Src/normal_mode.o
                                      0x7fe71 (size before relaxing)
 .debug_str     0x00000000000803c6       0x7a ./Core/Src/software_timer.o
                                      0x7fec8 (size before relaxing)
 .debug_str     0x0000000000080440      0x2ba ./Core/Src/stm32f1xx_hal_msp.o
                                      0x803ed (size before relaxing)
 .debug_str     0x00000000000806fa       0xcd ./Core/Src/stm32f1xx_it.o
                                      0x8014f (size before relaxing)
 .debug_str     0x00000000000807c7       0x52 ./Core/Src/system_stm32f1xx.o
                                      0x7f756 (size before relaxing)
 .debug_str     0x0000000000080819       0x89 ./Core/Src/traffic_control.o
                                      0x7ff16 (size before relaxing)
 .debug_str     0x00000000000808a2       0x36 ./Core/Startup/startup_stm32f103c6ux.o
                                         0x4a (size before relaxing)
 .debug_str     0x00000000000808d8      0x304 ./Drivers/STM32F1xx_HAL_Driver/Src/stm32f1xx_hal.o
                                      0x7fdad (size before relaxing)
 .debug_str     0x0000000000080bdc      0x300 ./Drivers/STM32F1xx_HAL_Driver/Src/stm32f1xx_hal_cortex.o
                                      0x7fdb5 (size before relaxing)
 .debug_str     0x0000000000080edc      0x31f ./Drivers/STM32F1xx_HAL_Driver/Src/stm32f1xx_hal_gpio.o
                                      0x7fb1a (size before relaxing)
 .debug_str     0x00000000000811fb      0x24f ./Drivers/STM32F1xx_HAL_Driver/Src/stm32f1xx_hal_rcc.o
                                      0x7fb53 (size before relaxing)
 .debug_str     0x000000000008144a      0xdde ./Drivers/STM32F1xx_HAL_Driver/Src/stm32f1xx_hal_tim.o
                                      0x80b3c (size before relaxing)
 .debug_str     0x0000000000082228      0x4ee ./Drivers/STM32F1xx_HAL_Driver/Src/stm32f1xx_hal_tim_ex.o
                                      0x802dd (size before relaxing)

.comment        0x0000000000000000       0x53
 .comment       0x0000000000000000       0x53 ./Core/Src/7seg.o
                                         0x54 (size before relaxing)
 .comment       0x0000000000000053       0x54 ./Core/Src/button.o
 .comment       0x0000000000000053       0x54 ./Core/Src/global.o
 .comment       0x0000000000000053       0x54 ./Core/Src/main.o
 .comment       0x0000000000000053       0x54 ./Core/Src/mode_control.o
 .comment       0x0000000000000053       0x54 ./Core/Src/normal_mode.o
 .comment       0x0000000000000053       0x54 ./Core/Src/software_timer.o
 .comment       0x0000000000000053       0x54 ./Core/Src/stm32f1xx_hal_msp.o
 .comment       0x0000000000000053       0x54 ./Core/Src/stm32f1xx_it.o
 .comment       0x0000000000000053       0x54 ./Core/Src/system_stm32f1xx.o
 .comment       0x0000000000000053       0x54 ./Core/Src/traffic_control.o
 .comment       0x0000000000000053       0x54 ./Drivers/STM32F1xx_HAL_Driver/Src/stm32f1xx_hal.o
 .comment       0x0000000000000053       0x54 ./Drivers/STM32F1xx_HAL_Driver/Src/stm32f1xx_hal_cortex.o
 .comment       0x0000000000000053       0x54 ./Drivers/STM32F1xx_HAL_Driver/Src/stm32f1xx_hal_gpio.o
 .comment       0x0000000000000053       0x54 ./Drivers/STM32F1xx_HAL_Driver/Src/stm32f1xx_hal_rcc.o
 .comment       0x0000000000000053       0x54 ./Drivers/STM32F1xx_HAL_Driver/Src/stm32f1xx_hal_tim.o
 .comment       0x0000000000000053       0x54 ./Drivers/STM32F1xx_HAL_Driver/Src/stm32f1xx_hal_tim_ex.o

.debug_frame    0x0000000000000000     0x29c0
 .debug_frame   0x0000000000000000       0xe0 ./Core/Src/7seg.o
 .debug_frame   0x00000000000000e0       0xa8 ./Core/Src/button.o
 .debug_frame   0x0000000000000188       0x30 ./Core/Src/global.o
 .debug_frame   0x00000000000001b8       0xd4 ./Core/Src/main.o
 .debug_frame   0x000000000000028c       0x2c ./Core/Src/mode_control.o
 .debug_frame   0x00000000000002b8       0x2c ./Core/Src/normal_mode.o
 .debug_frame   0x00000000000002e4       0xa8 ./Core/Src/software_timer.o
 .debug_frame   0x000000000000038c       0x80 ./Core/Src/stm32f1xx_hal_msp.o
 .debug_frame   0x000000000000040c      0x120 ./Core/Src/stm32f1xx_it.o
 .debug_frame   0x000000000000052c       0x58 ./Core/Src/system_stm32f1xx.o
 .debug_frame   0x0000000000000584      0x144 ./Core/Src/traffic_control.o
 .debug_frame   0x00000000000006c8      0x334 ./Drivers/STM32F1xx_HAL_Driver/Src/stm32f1xx_hal.o
 .debug_frame   0x00000000000009fc      0x428 ./Drivers/STM32F1xx_HAL_Driver/Src/stm32f1xx_hal_cortex.o
 .debug_frame   0x0000000000000e24      0x14c ./Drivers/STM32F1xx_HAL_Driver/Src/stm32f1xx_hal_gpio.o
 .debug_frame   0x0000000000000f70      0x218 ./Drivers/STM32F1xx_HAL_Driver/Src/stm32f1xx_hal_rcc.o
 .debug_frame   0x0000000000001188     0x11b4 ./Drivers/STM32F1xx_HAL_Driver/Src/stm32f1xx_hal_tim.o
 .debug_frame   0x000000000000233c      0x638 ./Drivers/STM32F1xx_HAL_Driver/Src/stm32f1xx_hal_tim_ex.o
 .debug_frame   0x0000000000002974       0x2c d:/stm32/stm32cubeide_1.7.0/stm32cubeide/plugins/com.st.stm32cube.ide.mcu.externaltools.gnu-tools-for-stm32.9-2020-q2-update.win32_2.0.0.202105311346/tools/bin/../lib/gcc/arm-none-eabi/9.3.1/../../../../arm-none-eabi/lib/thumb/v7-m/nofp\libc_nano.a(lib_a-init.o)
 .debug_frame   0x00000000000029a0       0x20 d:/stm32/stm32cubeide_1.7.0/stm32cubeide/plugins/com.st.stm32cube.ide.mcu.externaltools.gnu-tools-for-stm32.9-2020-q2-update.win32_2.0.0.202105311346/tools/bin/../lib/gcc/arm-none-eabi/9.3.1/../../../../arm-none-eabi/lib/thumb/v7-m/nofp\libc_nano.a(lib_a-memset.o)
